// Jest Snapshot v1, https://goo.gl/fbAQLP

exports[`Render Footer component Render Footer  1`] = `ShallowWrapper {}`;
