// Jest Snapshot v1, https://goo.gl/fbAQLP

exports[`Render Header component Render Header  1`] = `ShallowWrapper {}`;
