// Jest Snapshot v1, https://goo.gl/fbAQLP

exports[`Render flight component Render flight list 1`] = `ShallowWrapper {}`;
