// Jest Snapshot v1, https://goo.gl/fbAQLP

exports[`Render Seat map Footer component Render buttons for check-in status 1`] = `ShallowWrapper {}`;
