// Jest Snapshot v1, https://goo.gl/fbAQLP

exports[`Render SeatMap component Render SeatMap 1`] = `ShallowWrapper {}`;
