// Jest Snapshot v1, https://goo.gl/fbAQLP

exports[`Render common material radio box Render common radio box component 1`] = `ShallowWrapper {}`;
