// Jest Snapshot v1, https://goo.gl/fbAQLP

exports[`Render text input Render text input 1`] = `ShallowWrapper {}`;
