// Jest Snapshot v1, https://goo.gl/fbAQLP

exports[`Passenger filter component Should show filters based  1`] = `ShallowWrapper {}`;
