// Jest Snapshot v1, https://goo.gl/fbAQLP

exports[`Render Facebook Login component Render flight list 1`] = `ShallowWrapper {}`;
