// Jest Snapshot v1, https://goo.gl/fbAQLP

exports[`Render google login component Render flight list 1`] = `ShallowWrapper {}`;
