// Jest Snapshot v1, https://goo.gl/fbAQLP

exports[`Render login component Should render login component 1`] = `ShallowWrapper {}`;
