// Jest Snapshot v1, https://goo.gl/fbAQLP

exports[`Render app component Render login modal 1`] = `ShallowWrapper {}`;
