// Jest Snapshot v1, https://goo.gl/fbAQLP

exports[`Render manage service component Render manage service modal 1`] = `ShallowWrapper {}`;
